// Jest Snapshot v1, https://goo.gl/fbAQLP

exports[`FooterComponent Renders correctly 1`] = `
<app-footer>
  <footer>
     Made with â™¥ in Malaga, Spain
  
  </footer>
</app-footer>
`;
